[    0.000000] Linux version 4.14.106-97.85.amzn2.x86_64 (mockbuild@ip-10-0-1-212) (gcc version 7.3.1 20180303 (Red Hat 7.3.1-5) (GCC)) #1 SMP Fri Mar 15 17:07:54 UTC 2019
[    0.000000] Command line: BOOT_IMAGE=/boot/vmlinuz-4.14.106-97.85.amzn2.x86_64 root=UUID=a022e336-512d-4f2f-9391-e062987a7ff0 ro console=tty0 console=ttyS0,115200n8 net.ifnames=0 biosdevname=0 nvme_core.io_timeout=4294967295 rd.emergency=poweroff rd.shell=0 LANG=en_US.UTF-8 KEYTABLE=us
[    0.000000] x86/fpu: Supporting XSAVE feature 0x001: 'x87 floating point registers'
[    0.000000] x86/fpu: Supporting XSAVE feature 0x002: 'SSE registers'
[    0.000000] x86/fpu: Supporting XSAVE feature 0x004: 'AVX registers'
[    0.000000] x86/fpu: xstate_offset[2]:  576, xstate_sizes[2]:  256
[    0.000000] x86/fpu: Enabled xstate features 0x7, context size is 832 bytes, using 'standard' format.
[    0.000000] e820: BIOS-provided physical RAM map:
[    0.000000] BIOS-e820: [mem 0x0000000000000000-0x000000000009fbff] usable
[    0.000000] BIOS-e820: [mem 0x000000000009fc00-0x000000000009ffff] reserved
[    0.000000] BIOS-e820: [mem 0x00000000000f0000-0x00000000000fffff] reserved
[    0.000000] BIOS-e820: [mem 0x0000000000100000-0x00000000bfff8fff] usable
[    0.000000] BIOS-e820: [mem 0x00000000bfff9000-0x00000000bfffffff] reserved
[    0.000000] BIOS-e820: [mem 0x00000000e0000000-0x00000000e03fffff] reserved
[    0.000000] BIOS-e820: [mem 0x00000000fffc0000-0x00000000ffffffff] reserved
[    0.000000] BIOS-e820: [mem 0x0000000100000000-0x0000000817ffffff] usable
[    0.000000] BIOS-e820: [mem 0x0000000818000000-0x000000083fffffff] reserved
[    0.000000] NX (Execute Disable) protection: active
[    0.000000] SMBIOS 2.7 present.
[    0.000000] DMI: Amazon EC2 m5a.2xlarge/, BIOS 1.0 10/16/2017
[    0.000000] Hypervisor detected: KVM
[    0.000000] tsc: Fast TSC calibration using PIT
[    0.000000] e820: last_pfn = 0x818000 max_arch_pfn = 0x400000000
[    0.000000] x86/PAT: Configuration [0-7]: WB  WC  UC- UC  WB  WP  UC- WT  
[    0.000000] e820: last_pfn = 0xbfff9 max_arch_pfn = 0x400000000
[    0.000000] Scanning 1 areas for low memory corruption
[    0.000000] Using GB pages for direct mapping
[    0.000000] RAMDISK: [mem 0x35645000-0x36b1afff]
[    0.000000] ACPI: Early table checksum verification disabled
[    0.000000] ACPI: RSDP 0x00000000000F8FB0 000014 (v00 AMAZON)
[    0.000000] ACPI: RSDT 0x00000000BFFFE090 00003C (v01 AMAZON AMZNRSDT 00000001 AMZN 00000001)
[    0.000000] ACPI: FACP 0x00000000BFFFFF80 000074 (v01 AMAZON AMZNFACP 00000001 AMZN 00000001)
[    0.000000] ACPI: DSDT 0x00000000BFFFE0D0 0010E9 (v01 AMAZON AMZNDSDT 00000001 AMZN 00000001)
[    0.000000] ACPI: FACS 0x00000000BFFFFF40 000040
[    0.000000] ACPI: SSDT 0x00000000BFFFF480 000AC0 (v01 AMAZON AMZNSSDT 00000001 AMZN 00000001)
[    0.000000] ACPI: APIC 0x00000000BFFFF360 0000A6 (v01 AMAZON AMZNAPIC 00000001 AMZN 00000001)
[    0.000000] ACPI: SRAT 0x00000000BFFFF260 000100 (v01 AMAZON AMZNSRAT 00000001 AMZN 00000001)
[    0.000000] ACPI: SLIT 0x00000000BFFFF1F0 00006C (v01 AMAZON AMZNSLIT 00000001 AMZN 00000001)
[    0.000000] ACPI: WAET 0x00000000BFFFF1C0 000028 (v01 AMAZON AMZNWAET 00000001 AMZN 00000001)
[    0.000000] SRAT: PXM 0 -> APIC 0x00 -> Node 0
[    0.000000] SRAT: PXM 0 -> APIC 0x01 -> Node 0
[    0.000000] SRAT: PXM 0 -> APIC 0x02 -> Node 0
[    0.000000] SRAT: PXM 0 -> APIC 0x03 -> Node 0
[    0.000000] SRAT: PXM 0 -> APIC 0x04 -> Node 0
[    0.000000] SRAT: PXM 0 -> APIC 0x05 -> Node 0
[    0.000000] SRAT: PXM 0 -> APIC 0x06 -> Node 0
[    0.000000] SRAT: PXM 0 -> APIC 0x07 -> Node 0
[    0.000000] ACPI: SRAT: Node 0 PXM 0 [mem 0x00000000-0xbfffffff]
[    0.000000] ACPI: SRAT: Node 0 PXM 0 [mem 0x100000000-0x83fffffff]
[    0.000000] NUMA: Node 0 [mem 0x00000000-0xbfffffff] + [mem 0x100000000-0x817ffffff] -> [mem 0x00000000-0x817ffffff]
[    0.000000] NODE_DATA(0) allocated [mem 0x817fdd000-0x817ffefff]
[    0.000000] kvm-clock: Using msrs 4b564d01 and 4b564d00
[    0.000000] kvm-clock: cpu 0, msr 8:17f5d001, primary cpu clock
[    0.000000] kvm-clock: using sched offset of 6532147532 cycles
[    0.000000] clocksource: kvm-clock: mask: 0xffffffffffffffff max_cycles: 0x1cd42e4dffb, max_idle_ns: 881590591483 ns
[    0.000000] Zone ranges:
[    0.000000]   DMA      [mem 0x0000000000001000-0x0000000000ffffff]
[    0.000000]   DMA32    [mem 0x0000000001000000-0x00000000ffffffff]
[    0.000000]   Normal   [mem 0x0000000100000000-0x0000000817ffffff]
[    0.000000] Movable zone start for each node
[    0.000000] Early memory node ranges
[    0.000000]   node   0: [mem 0x0000000000001000-0x000000000009efff]
[    0.000000]   node   0: [mem 0x0000000000100000-0x00000000bfff8fff]
[    0.000000]   node   0: [mem 0x0000000100000000-0x0000000817ffffff]
[    0.000000] Initmem setup node 0 [mem 0x0000000000001000-0x0000000817ffffff]
[    0.000000] ACPI: PM-Timer IO Port: 0xb008
[    0.000000] ACPI: LAPIC_NMI (acpi_id[0xff] dfl dfl lint[0x1])
[    0.000000] IOAPIC[0]: apic_id 0, version 17, address 0xfec00000, GSI 0-23
[    0.000000] ACPI: INT_SRC_OVR (bus 0 bus_irq 5 global_irq 5 high level)
[    0.000000] ACPI: INT_SRC_OVR (bus 0 bus_irq 9 global_irq 9 high level)
[    0.000000] ACPI: INT_SRC_OVR (bus 0 bus_irq 10 global_irq 10 high level)
[    0.000000] ACPI: INT_SRC_OVR (bus 0 bus_irq 11 global_irq 11 high level)
[    0.000000] Using ACPI (MADT) for SMP configuration information
[    0.000000] smpboot: Allowing 8 CPUs, 0 hotplug CPUs
[    0.000000] PM: Registered nosave memory: [mem 0x00000000-0x00000fff]
[    0.000000] PM: Registered nosave memory: [mem 0x0009f000-0x0009ffff]
[    0.000000] PM: Registered nosave memory: [mem 0x000a0000-0x000effff]
[    0.000000] PM: Registered nosave memory: [mem 0x000f0000-0x000fffff]
[    0.000000] PM: Registered nosave memory: [mem 0xbfff9000-0xbfffffff]
[    0.000000] PM: Registered nosave memory: [mem 0xc0000000-0xdfffffff]
[    0.000000] PM: Registered nosave memory: [mem 0xe0000000-0xe03fffff]
[    0.000000] PM: Registered nosave memory: [mem 0xe0400000-0xfffbffff]
[    0.000000] PM: Registered nosave memory: [mem 0xfffc0000-0xffffffff]
[    0.000000] e820: [mem 0xc0000000-0xdfffffff] available for PCI devices
[    0.000000] Booting paravirtualized kernel on KVM
[    0.000000] clocksource: refined-jiffies: mask: 0xffffffff max_cycles: 0xffffffff, max_idle_ns: 7645519600211568 ns
[    0.000000] random: get_random_bytes called from start_kernel+0x94/0x4cf with crng_init=0
[    0.000000] setup_percpu: NR_CPUS:8192 nr_cpumask_bits:8 nr_cpu_ids:8 nr_node_ids:1
[    0.000000] percpu: Embedded 44 pages/cpu @ffff9e1e97c00000 s140120 r8192 d31912 u262144
[    0.000000] KVM setup async PF for cpu 0
[    0.000000] kvm-stealtime: cpu 0, msr 817c161c0
[    0.000000] Built 1 zonelists, mobility grouping on.  Total pages: 8096130
[    0.000000] Policy zone: Normal
[    0.000000] Kernel command line: BOOT_IMAGE=/boot/vmlinuz-4.14.106-97.85.amzn2.x86_64 root=UUID=a022e336-512d-4f2f-9391-e062987a7ff0 ro console=tty0 console=ttyS0,115200n8 net.ifnames=0 biosdevname=0 nvme_core.io_timeout=4294967295 rd.emergency=poweroff rd.shell=0 LANG=en_US.UTF-8 KEYTABLE=us
[    0.000000] PID hash table entries: 4096 (order: 3, 32768 bytes)
[    0.000000] Memory: 32268132K/32898652K available (10252K kernel code, 1951K rwdata, 2828K rodata, 2076K init, 3888K bss, 630520K reserved, 0K cma-reserved)
[    0.000000] SLUB: HWalign=64, Order=0-3, MinObjects=0, CPUs=8, Nodes=1
[    0.000000] ftrace: allocating 26457 entries in 104 pages
[    0.004000] Hierarchical RCU implementation.
[    0.004000] 	RCU restricting CPUs from NR_CPUS=8192 to nr_cpu_ids=8.
[    0.004000] RCU: Adjusting geometry for rcu_fanout_leaf=16, nr_cpu_ids=8
[    0.004000] NR_IRQS: 524544, nr_irqs: 488, preallocated irqs: 16
[    0.004000] Console: colour VGA+ 80x25
[    0.004000] console [tty0] enabled
[    0.004000] console [ttyS0] enabled
[    0.004005] tsc: Detected 2200.066 MHz processor
[    0.007943] Calibrating delay loop (skipped) preset value.. 4400.13 BogoMIPS (lpj=8800264)
[    0.008004] pid_max: default: 32768 minimum: 301
[    0.012011] ACPI: Core revision 20170728
[    0.016864] ACPI: 2 ACPI AML tables successfully acquired and loaded
[    0.020026] Security Framework initialized
[    0.024003] SELinux:  Initializing.
[    0.032881] Dentry cache hash table entries: 4194304 (order: 13, 33554432 bytes)
[    0.042138] Inode-cache hash table entries: 2097152 (order: 12, 16777216 bytes)
[    0.044092] Mount-cache hash table entries: 65536 (order: 7, 524288 bytes)
[    0.048076] Mountpoint-cache hash table entries: 65536 (order: 7, 524288 bytes)
[    0.052304] mce: CPU supports 32 MCE banks
[    0.056186] Last level iTLB entries: 4KB 1024, 2MB 1024, 4MB 512
[    0.060004] Last level dTLB entries: 4KB 1536, 2MB 1536, 4MB 768, 1GB 0
[    0.064005] Spectre V2 : Mitigation: Full AMD retpoline
[    0.068003] Spectre V2 : Spectre v2 / SpectreRSB mitigation: Filling RSB on context switch
[    0.072003] Speculative Store Bypass: Vulnerable
[    0.086036] Freeing SMP alternatives memory: 24K
[    0.088998] smpboot: Max logical packages: 2
[    0.093033] ..TIMER: vector=0x30 apic1=0 pin1=0 apic2=-1 pin2=-1
[    0.096000] smpboot: CPU0: AMD EPYC 7571 (family: 0x17, model: 0x1, stepping: 0x2)
[    0.096074] Performance Events: Fam17h core perfctr, AMD PMU driver.
[    0.100006] ... version:                0
[    0.104001] ... bit width:              48
[    0.108001] ... generic registers:      6
[    0.112001] ... value mask:             0000ffffffffffff
[    0.116001] ... max period:             00007fffffffffff
[    0.120001] ... fixed-purpose events:   0
[    0.124001] ... event mask:             000000000000003f
[    0.128075] Hierarchical SRCU implementation.
[    0.132349] Decoding supported only on Scalable MCA processors.
[    0.136106] smp: Bringing up secondary CPUs ...
[    0.140109] x86: Booting SMP configuration:
[    0.144006] .... node  #0, CPUs:      #1
[    0.004000] kvm-clock: cpu 1, msr 8:17f5d041, secondary cpu clock
[    0.148019] KVM setup async PF for cpu 1
[    0.151540] kvm-stealtime: cpu 1, msr 817c561c0
[    0.156110]  #2
[    0.004000] kvm-clock: cpu 2, msr 8:17f5d081, secondary cpu clock
[    0.160017] KVM setup async PF for cpu 2
[    0.163548] kvm-stealtime: cpu 2, msr 817c961c0
[    0.168106]  #3
[    0.004000] kvm-clock: cpu 3, msr 8:17f5d0c1, secondary cpu clock
[    0.172018] KVM setup async PF for cpu 3
[    0.175579] kvm-stealtime: cpu 3, msr 817cd61c0
[    0.180107]  #4
[    0.004000] kvm-clock: cpu 4, msr 8:17f5d101, secondary cpu clock
[    0.186017] KVM setup async PF for cpu 4
[    0.187637] kvm-stealtime: cpu 4, msr 817d161c0
[    0.192233]  #5
[    0.004000] kvm-clock: cpu 5, msr 8:17f5d141, secondary cpu clock
[    0.198479] KVM setup async PF for cpu 5
[    0.199592] kvm-stealtime: cpu 5, msr 817d561c0
[    0.204106]  #6
[    0.004000] kvm-clock: cpu 6, msr 8:17f5d181, secondary cpu clock
[    0.210934] KVM setup async PF for cpu 6
[    0.211634] kvm-stealtime: cpu 6, msr 817d961c0
[    0.216110]  #7
[    0.004000] kvm-clock: cpu 7, msr 8:17f5d1c1, secondary cpu clock
[    0.223229] KVM setup async PF for cpu 7
[    0.223627] kvm-stealtime: cpu 7, msr 817dd61c0
[    0.228006] smp: Brought up 1 node, 8 CPUs
[    0.232004] smpboot: Total of 8 processors activated (35201.05 BogoMIPS)
[    0.240727] devtmpfs: initialized
[    0.244042] x86/mm: Memory block size: 128MB
[    0.249647] clocksource: jiffies: mask: 0xffffffff max_cycles: 0xffffffff, max_idle_ns: 7645041785100000 ns
[    0.256023] futex hash table entries: 2048 (order: 5, 131072 bytes)
[    0.265375] NET: Registered protocol family 16
[    0.316167] cpuidle: using governor ladder
[    0.320031] cpuidle: using governor menu
[    0.324614] ACPI: bus type PCI registered
[    0.328008] acpiphp: ACPI Hot Plug PCI Controller Driver version: 0.5
[    0.332147] PCI: Using configuration type 1 for base access
[    0.336001] PCI: Using configuration type 1 for extended access
[    0.345067] HugeTLB registered 1.00 GiB page size, pre-allocated 0 pages
[    0.348003] HugeTLB registered 2.00 MiB page size, pre-allocated 0 pages
[    0.356004] ACPI: Added _OSI(Module Device)
[    0.356015] ACPI: Added _OSI(Processor Device)
[    0.360006] ACPI: Added _OSI(3.0 _SCP Extensions)
[    0.364020] ACPI: Added _OSI(Processor Aggregator Device)
[    0.372794] ACPI: Interpreter enabled
[    0.376012] ACPI: (supports S0 S4 S5)
[    0.380003] ACPI: Using IOAPIC for interrupt routing
[    0.384025] PCI: Using host bridge windows from ACPI; if necessary, use "pci=nocrs" and report a bug
[    0.392889] ACPI: Enabled 16 GPEs in block 00 to 0F
[    0.400836] ACPI: PCI Root Bridge [PCI0] (domain 0000 [bus 00-ff])
[    0.404006] acpi PNP0A03:00: _OSC: OS supports [ExtendedConfig ASPM ClockPM Segments MSI]
[    0.412005] acpi PNP0A03:00: _OSC failed (AE_NOT_FOUND); disabling ASPM
[    0.420001] acpiphp: Slot [3] registered
[    0.424069] acpiphp: Slot [4] registered
[    0.424069] acpiphp: Slot [5] registered
[    0.428059] acpiphp: Slot [6] registered
[    0.432059] acpiphp: Slot [7] registered
[    0.436059] acpiphp: Slot [8] registered
[    0.440059] acpiphp: Slot [9] registered
[    0.444060] acpiphp: Slot [10] registered
[    0.448061] acpiphp: Slot [11] registered
[    0.452059] acpiphp: Slot [12] registered
[    0.456059] acpiphp: Slot [13] registered
[    0.460059] acpiphp: Slot [14] registered
[    0.464059] acpiphp: Slot [15] registered
[    0.468003] acpiphp: Slot [16] registered
[    0.472063] acpiphp: Slot [17] registered
[    0.476059] acpiphp: Slot [18] registered
[    0.480059] acpiphp: Slot [19] registered
[    0.484059] acpiphp: Slot [20] registered
[    0.488058] acpiphp: Slot [21] registered
[    0.492058] acpiphp: Slot [22] registered
[    0.492060] acpiphp: Slot [23] registered
[    0.496059] acpiphp: Slot [24] registered
[    0.500059] acpiphp: Slot [25] registered
[    0.504059] acpiphp: Slot [26] registered
[    0.508059] acpiphp: Slot [27] registered
[    0.512060] acpiphp: Slot [28] registered
[    0.516061] acpiphp: Slot [29] registered
[    0.520059] acpiphp: Slot [30] registered
[    0.524060] acpiphp: Slot [31] registered
[    0.528017] PCI host bridge to bus 0000:00
[    0.532003] pci_bus 0000:00: root bus resource [io  0x0000-0x0cf7 window]
[    0.536002] pci_bus 0000:00: root bus resource [io  0x0d00-0xffff window]
[    0.544002] pci_bus 0000:00: root bus resource [mem 0x000a0000-0x000bffff window]
[    0.548003] pci_bus 0000:00: root bus resource [mem 0xc0000000-0xfebfffff window]
[    0.556003] pci_bus 0000:00: root bus resource [bus 00-ff]
[    0.564593] pci 0000:00:01.3: quirk: [io  0xb000-0xb03f] claimed by PIIX4 ACPI
[    0.572024] pci 0000:00:01.3: quirk: [io  0xb100-0xb10f] claimed by PIIX4 SMB
[    0.576080] pci 0000:00:01.3: PIIX4 devres E PIO at fff0-ffff
[    0.580024] pci 0000:00:01.3: PIIX4 devres F MMIO at ffc00000-ffffffff
[    0.584024] pci 0000:00:01.3: PIIX4 devres G PIO at fff0-ffff
[    0.592023] pci 0000:00:01.3: PIIX4 devres H MMIO at ffc00000-ffffffff
[    0.596028] pci 0000:00:01.3: PIIX4 devres I PIO at fff0-ffff
[    0.600023] pci 0000:00:01.3: PIIX4 devres J PIO at fff0-ffff
[    0.614126] ACPI: PCI Interrupt Link [LNKA] (IRQs 5 *10 11)
[    0.620125] ACPI: PCI Interrupt Link [LNKB] (IRQs 5 *10 11)
[    0.624127] ACPI: PCI Interrupt Link [LNKC] (IRQs 5 10 *11)
[    0.628137] ACPI: PCI Interrupt Link [LNKD] (IRQs 5 10 *11)
[    0.632063] ACPI: PCI Interrupt Link [LNKS] (IRQs *9)
[    0.636589] pci 0000:00:03.0: vgaarb: setting as boot VGA device
[    0.640000] pci 0000:00:03.0: vgaarb: VGA device added: decodes=io+mem,owns=io+mem,locks=none
[    0.648004] pci 0000:00:03.0: vgaarb: bridge control possible
[    0.652001] vgaarb: loaded
[    0.656074] EDAC MC: Ver: 3.0.0
[    0.660271] PCI: Using ACPI for IRQ routing
[    0.664314] NetLabel: Initializing
[    0.668004] NetLabel:  domain hash size = 128
[    0.672001] NetLabel:  protocols = UNLABELED CIPSOv4 CALIPSO
[    0.676014] NetLabel:  unlabeled traffic allowed by default
[    0.680145] clocksource: Switched to clocksource kvm-clock
[    0.692632] VFS: Disk quotas dquot_6.6.0
[    0.696316] VFS: Dquot-cache hash table entries: 512 (order 0, 4096 bytes)
[    0.701363] pnp: PnP ACPI init
[    0.705139] pnp: PnP ACPI: found 5 devices
[    0.716361] clocksource: acpi_pm: mask: 0xffffff max_cycles: 0xffffff, max_idle_ns: 2085701024 ns
[    0.723941] NET: Registered protocol family 2
[    0.728057] TCP established hash table entries: 262144 (order: 9, 2097152 bytes)
[    0.735319] TCP bind hash table entries: 65536 (order: 8, 1048576 bytes)
[    0.740379] TCP: Hash tables configured (established 262144 bind 65536)
[    0.745370] UDP hash table entries: 16384 (order: 7, 524288 bytes)
[    0.750130] UDP-Lite hash table entries: 16384 (order: 7, 524288 bytes)
[    0.755139] NET: Registered protocol family 1
[    0.759017] pci 0000:00:00.0: Limiting direct PCI/PCI transfers
[    0.763658] pci 0000:00:01.0: Activating ISA DMA hang workarounds
[    0.768457] pci 0000:00:03.0: Video device with shadowed ROM at [mem 0x000c0000-0x000dffff]
[    0.775985] Unpacking initramfs...
[    0.830394] Freeing initrd memory: 21336K
[    0.834287] PCI-DMA: Using software bounce buffering for IO (SWIOTLB)
[    0.839121] software IO TLB: mapped [mem 0xbbff9000-0xbfff9000] (64MB)
[    0.844716] clocksource: tsc: mask: 0xffffffffffffffff max_cycles: 0x1fb6715d711, max_idle_ns: 440795269999 ns
[    0.854383] Scanning for low memory corruption every 60 seconds
[    0.861205] audit: initializing netlink subsys (disabled)
[    0.866309] audit: type=2000 audit(1560425931.226:1): state=initialized audit_enabled=0 res=1
[    0.866780] Initialise system trusted keyrings
[    0.878272] Key type blacklist registered
[    0.882089] workingset: timestamp_bits=36 max_order=23 bucket_order=0
[    0.888545] zbud: loaded
[    1.054863] Key type asymmetric registered
[    1.058577] Asymmetric key parser 'x509' registered
[    1.062817] Block layer SCSI generic (bsg) driver version 0.4 loaded (major 251)
[    1.069802] io scheduler noop registered (default)
[    1.074009] io scheduler cfq registered
[    1.077937] crc32: CRC_LE_BITS = 64, CRC_BE BITS = 64
[    1.082257] crc32: self tests passed, processed 225944 bytes in 166555 nsec
[    1.087527] crc32c: CRC_LE_BITS = 64
[    1.091054] crc32c: self tests passed, processed 225944 bytes in 83138 nsec
[    1.109190] crc32_combine: 8373 self tests passed
[    1.126001] crc32c_combine: 8373 self tests passed
[    1.130979] Serial: 8250/16550 driver, 4 ports, IRQ sharing disabled
[    1.159609] 00:04: ttyS0 at I/O 0x3f8 (irq = 4, base_baud = 115200) is a 16550A
[    1.167716] i8042: PNP: PS/2 Controller [PNP0303:KBD,PNP0f13:MOU] at 0x60,0x64 irq 1,12
[    1.175145] i8042: Warning: Keylock active
[    2.382039] serio: i8042 KBD port at 0x60,0x64 irq 1
[    2.386341] rtc_cmos 00:00: RTC can wake from S4
[    2.391025] rtc_cmos 00:00: rtc core: registered rtc_cmos as rtc0
[    2.395942] rtc_cmos 00:00: alarms up to one day, 114 bytes nvram
[    2.400633] hidraw: raw HID events driver (C) Jiri Kosina
[    2.405077] NET: Registered protocol family 17
[    2.409981] sched_clock: Marking stable (2409918623, 0)->(3529936812, -1120018189)
[    2.417456] registered taskstats version 1
[    2.421198] Loading compiled-in X.509 certificates
[    2.427478] Loaded X.509 cert 'Build time autogenerated kernel key: 4586d74045fdfd66c315072ecc41d8bd19d89bc8'
[    2.435610] zswap: loaded using pool lzo/zbud
[    2.439640] ima: No TPM chip found, activating TPM-bypass! (rc=-19)
[    2.444395] ima: Allocated hash algorithm: sha1
[    2.448856] rtc_cmos 00:00: setting system clock to 2019-06-13 11:38:52 UTC (1560425932)
[    2.912705] input: AT Translated Set 2 keyboard as /devices/platform/i8042/serio0/input/input0
[    3.056880] Freeing unused kernel memory: 2076K
[    3.092053] Write protecting the kernel read-only data: 16384k
[    3.098602] Freeing unused kernel memory: 2016K
[    3.105693] Freeing unused kernel memory: 1268K
[    3.147522] systemd[1]: Inserted module 'autofs4'
[    3.161962] NET: Registered protocol family 10
[    3.167791] Segment Routing with IPv6
[    3.171660] systemd[1]: Inserted module 'ipv6'
[    3.177550] random: systemd: uninitialized urandom read (16 bytes read)
[    3.182714] random: systemd: uninitialized urandom read (16 bytes read)
[    3.187642] random: systemd: uninitialized urandom read (16 bytes read)
[    3.198387] systemd[1]: systemd 219 running in system mode. (+PAM +AUDIT +SELINUX +IMA -APPARMOR +SMACK +SYSVINIT +UTMP +LIBCRYPTSETUP +GCRYPT +GNUTLS +ACL +XZ +LZ4 -SECCOMP +BLKID +ELFUTILS +KMOD +IDN)
[    3.211811] systemd[1]: Detected virtualization kvm.
[    3.215991] systemd[1]: Detected architecture x86-64.
[    3.220175] systemd[1]: Running in initial RAM disk.

Welcome to [0;34mAmazon Linux 2 dracut-033-535.amzn2.1.2 (Initramfs)[0m!

[    3.226383] systemd[1]: No hostname configured.
[    3.230394] systemd[1]: Set hostname to <localhost>.
[    3.234592] systemd[1]: Initializing machine ID from KVM UUID.
[[32m  OK  [0m] Reached target Timers.
[    3.264273] systemd[1]: Reached target Timers.
[    3.268188] systemd[1]: Starting Timers.
[    3.271879] systemd[1]: Started Dispatch Password Requests to Console Directory Watch.
[[32m  OK  [0m] Created slice Root Slice.
[[32m  OK  [0m] Created slice System Slice.
[[32m  OK  [0m] Reached target Slices.
[[32m  OK  [0m] Listening on udev Kernel Socket.
[[32m  OK  [0m] Reached target Local File Systems.
[[32m  OK  [0m] Reached target Paths.
[[32m  OK  [0m] Listening on Journal Socket.
         Starting Create list of required st... nodes for the current kernel...
         Starting Journal Service...
         Starting Apply Kernel Variables...
[[32m  OK  [0m] Listening on udev Control Socket.
[[32m  OK  [0m] Reached target Sockets.
[[32m  OK  [0m] Reached target Swap.
[[32m  OK  [0m] Started Create list of required sta...ce nodes for the current kernel.
[[32m  OK  [0m] Started Apply Kernel Variables.
[[32m  OK  [0m] Started Journal Service.
         Starting Create Static Device Nodes in /dev...
[[32m  OK  [0m] Started Create Static Device Nodes in /dev.
         Starting udev Kernel Device Manager...
[[32m  OK  [0m] Started udev Kernel Device Manager.
         Starting udev Coldplug all Devices...
[[32m  OK  [0m] Started udev Coldplug all Devices.
[    3.333392] nvme nvme0: pci function 0000:00:04.0
         Starting dracut initque[    3.338512] ACPI: PCI Interrupt Link [LNKD] enabled at IRQ 11
ue hook...
[[32m  OK  [0m] Reached target System Initialization.
[[32m  OK  [0m] Reached target Basic System.
[    3.613564] GPT:Primary header thinks Alt. header is not at the end of the disk.
[    3.620472] GPT:8388607 != 41943039
[    3.623904] GPT:Alternate GPT header not at the end of the disk.
[    3.628477] GPT:8388607 != 41943039
[    3.631885] GPT: Use GNU Parted to correct GPT errors.
[    3.636155]  nvme0n1: p1 p128
[[32m  OK  [0m] Found device /dev/disk/by-uuid/a022e336-512d-4f2f-9391-e062987a7ff0.
         Starting File System Check on /dev/...6-512d-4f2f-9391-e062987a7ff0...
[[32m  OK  [0m] Started File System Check on /dev/d...336-512d-4f2f-9391-e062987a7ff0.
[[32m  OK  [0m] Started dracut initqueue hook.
         Mounting /sysroot...
[[32m  OK  [0m] Reached target Remote File Systems (Pre).
[[32m  OK  [0m] Reached target Remote File Systems.
[    3.961837] SGI XFS with ACLs, security attributes, no debug enabled
[    3.969681] XFS (nvme0n1p1): Mounting V5 Filesystem
[    4.086044] XFS (nvme0n1p1): Ending clean mount
[[32m  OK  [0m] Mounted /sysroot.
[[32m  OK  [0m] Reached target Initrd Root File System.
         Starting Reload Configuration from the Real Root...
[[32m  OK  [0m] Started Reload Configuration from the Real Root.
[[32m  OK  [0m] Reached target Initrd File Systems.
[[32m  OK  [0m] Reached target Initrd Default Target.
         Starting dracut pre-pivot and cleanup hook...
[[32m  OK  [0m] Started dracut pre-pivot and cleanup hook.
         Starting Cleaning Up and Shutting Down Daemons...
[[32m  OK  [0m] Stopped target Timers.
[[32m  OK  [0m] Stopped Cleaning Up and Shutting Down Daemons.
[[32m  OK  [0m] Stopped dracut pre-pivot and cleanup hook.
         Stopping dracut pre-pivot and cleanup hook...
[[32m  OK  [0m] Stopped target Remote File Systems.
[[32m  OK  [0m] Stopped target Remote File Systems (Pre).
[[32m  OK  [0m] Stopped dracut initqueue hook.
         Stopping dracut initqueue hook...
[[32m  OK  [0m] Stopped target Initrd Default Target.
[[32m  OK  [0m] Stopped target Basic System.
[[32m  OK  [0m] Stopped target Slices.
[[32m  OK  [0m] Stopped target Sockets.
[[32m  OK  [0m] Stopped target System Initialization.
[[32m  OK  [0m] Stopped Apply Kernel Variables.
         Stopping Apply Kernel Variables...
         Stopping udev Kernel Device Manager...
[[32m  OK  [0m] Stopped target Local File Systems.
[[32m  OK  [0m] Stopped target Swap.
[[32m  OK  [0m] Stopped udev Coldplug all Devices.
         Stopping udev Coldplug all Devices...
[[32m  OK  [0m] Stopped target Paths.
[    4.209017] random: fast init done
[[32m  OK  [0m] Stopped udev Kernel Device Manager.
[[32m  OK  [0m] Stopped Create Static Device Nodes in /dev.
         Stopping Create Static Device Nodes in /dev...
[[32m  OK  [0m] Stopped Create list of required sta...ce nodes for the current kernel.
         Stopping Create list of required st... nodes for the current kernel...
[[32m  OK  [0m] Closed udev Kernel Socket.
[[32m  OK  [0m] Closed udev Control Socket.
         Starting Cleanup udevd DB...
[[32m  OK  [0m] Started Cleanup udevd DB.
[[32m  OK  [0m] Reached target Switch Root.
         Starting Switch Root...
[    4.294232] systemd-journald[766]: Received SIGTERM from PID 1 (systemd).
[    4.416516] systemd: 27 output lines suppressed due to ratelimiting
[    4.556224] SELinux:  Disabled at runtime.
[    4.612104] audit: type=1404 audit(1560425934.660:2): selinux=0 auid=4294967295 ses=4294967295
[    4.776028] ip_tables: (C) 2000-2006 Netfilter Core Team
[    4.781027] systemd[1]: Inserted module 'ip_tables'

Welcome to [0;33mAmazon Linux 2[0m!

[[32m  OK  [0m] Stopped Switch Root.
[[32m  OK  [0m] Stopped Journal Service.
         Starting Journal Service...
         Mounting Debug File System...
[[32m  OK  [0m] Reached target Swap.
[[32m  OK  [0m] Listening on Device-mapper event daemon FIFOs.
[[32m  OK  [0m] Reached target Local Encrypted Volumes.
[[32m  OK  [0m] Created slice system-serial\x2dgetty.slice.
[[32m  OK  [0m] Set up automount Arbitrary Executab...ats File System Automount Point.
         Starting Setup Virtual Console...
[[32m  OK  [0m] Created slice User and Session Slice.
         Mounting POSIX Message Queue File System...
         Mounting Huge Pages File System...
[[32m  OK  [0m] Listening on Delayed Shutdown Socket.
[[32m  OK  [0m] Listening on LVM2 metadata daemon socket.
         Starting Remount Root and Kernel File Systems...
[[32m  OK  [0m] Listening on udev Kernel Socket.
[[32m  OK  [0m] Reached target Slices.
         Starting Monitoring of LVM2 mirrors... dmeventd or progress polling...
[[32m  OK  [0m] Listening on /dev/initctl Compatibility Named Pipe.
[[32m  OK  [0m] Listening on LVM2 poll daemon socket.
[[32m  OK  [0m] Listening on udev Control Socket.
         Starting Create list of required st... nodes for the current kernel...
         Starting Load Kernel Modules...
[[32m  OK  [0m] Created slice system-getty.slice.
[[32m  OK  [0m] Created slice system-selinux\x2dpol...grate\x2dlocal\x2dchanges.slice.
[[32m  OK  [0m] Stopped target Switch Root.
[[32m  OK  [0m] Stopped target Initrd Root File System.
[[32m  OK  [0m] Stopped target Initrd File Systems.
[[32m  OK  [0m] Mounted Debug File System.
[[32m  OK  [0m] Mounted POSIX Message Queue File System.
[[32m  OK  [0m] Mounted Huge Pages File System.
[[32m  OK  [0m] Started Journal Service.
[[32m  OK  [0m] Started Setup Virtual Console.
[[32m  OK  [0m] Started Remount Root and Kernel File Systems.
         Starting Load/Save Random Seed...
         Starting Configure read-only root support...
         Starting Rebuild Hardware Database...
         Starting Flush Journal to Persistent Storage...
[[32m  OK  [0m] Started Load/Save Random Seed.
[    5.200157] ena: Elastic Network Adapter (ENA) v2.0.2g
[    5.204712] ena 0000:00:05.0: Elastic Network Adapter (ENA) v2.0.2g
[[32m  OK  [0m] Started Create list of required sta...ce nodes for the current kernel.
         Starting Create Static Device Nodes in /dev...
[[32m  OK  [0m] Started Configure read-only root support.
[    5.224073] ena: ena device version: 0.10
[    5.227843] ena: ena controller version: 0.0.1 implementation version 1
[    5.241378] systemd-journald[1511]: Received request to flush runtime journal from PID 1
[[32m  OK  [0m] Started LVM2 metadata daemon.
         Starting LVM2 metadata daemon...
[[32m  OK  [0m] Started Create Static Device Nodes in /dev.
         Starting udev Kernel Device Manager...
[[32m  OK  [0m] Started Flush Journal to Persistent Storage.
[[32m  OK  [0m] Started udev Kernel Device Manager.
[    5.396093] ena 0000:00:05.0: creating 8 io queues. rx queue size: 1024 tx queue size. 1024 LLQ is ENABLED
[[32m  OK  [0m] Started Rebuild Hardware Database.
         Starting udev Coldplug all Devices...
[    5.407308] ena 0000:00:05.0: Elastic Network Adapter (ENA) found at mem febf4000, mac addr 02:d9:89:f9:87:c8 Queues 8, Placement policy: Low Latency
[[32m  OK  [0m] Started Load Kernel Modules.
         Starting Apply Kernel Variables...
[    5.427209] input: Power Button as /devices/LNXSYSTM:00/LNXPWRBN:00/input/input1
[[32m  OK  [0m] Started udev Coldplug all Devices.
[    5.436708] ACPI: Power Button [PWRF]
[[32m  OK  [0m[    5.440791] input: Sleep Button as /devices/LNXSYSTM:00/LNXSLPBN:00/input/input2
] Started Apply Kernel Variables.
[    5.449119] ACPI: Sleep Button [SLPF]
[[32m  OK  [0m] Found device /dev/ttyS0.
[    5.453823] unchecked MSR access error: WRMSR to 0xc0010015 (tried to write 0x0000000001000011) at rIP: 0xffffffff90061c04 (native_write_msr+0x4/0x20)
[    5.463926] Call Trace:
[    5.467152]  boost_set_msr+0x50/0x80 [acpi_cpufreq]
[    5.471569]  cpuhp_invoke_callback+0x8a/0x560
[    5.475461]  ? __schedule+0x296/0x890
[    5.479310]  ? sort_range+0x20/0x20
[    5.479312]  cpuhp_thread_fun+0xb9/0x140
[    5.479314]  smpboot_thread_fn+0xef/0x160
[    5.479317]  kthread+0x11a/0x130
[    5.479319]  ? kthread_create_on_node+0x70/0x70
[    5.479322]  ret_from_fork+0x22/0x40
[    5.562173] AVX2 version of gcm_enc/dec engaged.
[    5.566225] AES CTR mode by8 optimization enabled
[    5.613803] alg: No test for pcbc(aes) (pcbc-aes-aesni)
[[32m  OK  [0m] Started Monitoring of LVM2 mirrors,...ng dmeventd or progress polling.
[[32m  OK  [0m] Reached target Local File Systems (Pre).
[[32m  OK  [0m] Reached target Local File Systems.
         Starting Create Volatile Files and Directories...
         Starting Commit a transient machine-id on disk...
         Starting Preprocess NFS configuration...
         Starting Rebuild Journal Catalog...
[[32m  OK  [0m] Started Create Volatile Files and Directories.
[[32m  OK  [0m] Started Preprocess NFS configuration.
[[32m  OK  [0m] Started Rebuild Journal Catalog.
         Starting Update is Completed...
         Starting Security Auditing Service...
         Mounting RPC Pipe File System...
[[32m  OK  [0m] Started Update is Completed.
[[32m  OK  [0m] Started Commit a transient machine-id on disk.
[    5.784146] RPC: Registered named UNIX socket transport module.
[    5.789180] RPC: Registered udp transport module.
[    5.793390] RPC: Registered tcp transport module.
[    5.797478] RPC: Registered tcp NFSv4.1 backchannel transport module.
[[32m  OK  [0m] Started Security Auditing Service.
         Starting Update UTMP about System Boot/Shutdown...
[[32m  OK  [0m] Mounted RPC Pipe File System.
[[32m  OK  [0m] Reached target rpc_pipefs.target.
[[32m  OK  [0m] Started Update UTMP about System Boot/Shutdown.
[[32m  OK  [0m] Reached target System Initialization.
[[32m  OK  [0m] Reached target Paths.
[[32m  OK  [0m] Reached target Timers.
[[32m  OK  [0m] Listening on D-Bus System Message Bus Socket.
[[32m  OK  [0m] Listening on RPCbind Server Activation Socket.
[[32m  OK  [0m] Reached target Sockets.
[[32m  OK  [0m] Reached target Basic System.
         Starting Initial cloud-init job (pre-networking)...
         Starting Dump dmesg to /var/log/dmesg...
         Starting GSSAPI Proxy Daemon...
[[32m  OK  [0m] Started irqbalance daemon.
         Starting irqbalance daemon...
[[32m  OK  [0m] Started D-Bus System Message Bus.
         Starting D-Bus System Message Bus...
         Starting Login Service...
         Starting NTP client/server...
[[32m  OK  [0m] Started Hardware RNG Entropy Gatherer Daemon.
         Starting Hardware RNG Entropy Gatherer [    5.859262] random: crng init done
Daemon...
[    5.863528] random: 7 urandom warning(s) missed due to ratelimiting
         Starting RPC bind service...
[[32m  OK  [0m] Started Dump dmesg to /var/log/dmesg.
[[32m  OK  [0m] Started Login Service.
[[32m  OK  [0m] Started RPC bind service.
[[32m  OK  [0m] Started GSSAPI Proxy Daemon.
[[32m  OK  [0m] Reached target NFS client services.
[[32m  OK  [0m] Reached target Remote File Systems (Pre).
[[32m  OK  [0m] Reached target Remote File Systems.
[[32m  OK  [0m] Started NTP client/server.
[    6.817625] cloud-init[2884]: Cloud-init v. 18.2-72.amzn2.0.6 running 'init-local' at Thu, 13 Jun 2019 11:38:56 +0000. Up 6.78 seconds.
[[32m  OK  [0m] Started Initial cloud-init job (pre-networking).
[[32m  OK  [0m] Reached target Network (Pre).
         Starting LSB: Bring up/down networking...
[[32m  OK  [0m] Started LSB: Bring up/down networking.
         Starting Initial cloud-init job (metadata service crawler)...
[[32m  OK  [0m] Reached target Network.
         Starting Postfix Mail Transport Agent...
[[32m  OK  [0m] Started Postfix Mail Transport Agent.
[    9.224913] cloud-init[3490]: Cloud-init v. 18.2-72.amzn2.0.6 running 'init' at Thu, 13 Jun 2019 11:38:59 +0000. Up 9.19 seconds.
[    9.237508] cloud-init[3490]: ci-info: ++++++++++++++++++++++++++++++++++++++Net device info++++++++++++++++++++++++++++++++++++++
[    9.241017] cloud-init[3490]: ci-info: +--------+------+----------------------------+---------------+--------+-------------------+
[    9.244576] cloud-init[3490]: ci-info: | Device |  Up  |          Address           |      Mask     | Scope  |     Hw-Address    |
[    9.248419] cloud-init[3490]: ci-info: +--------+------+----------------------------+---------------+--------+-------------------+
[    9.252102] cloud-init[3490]: ci-info: |  eth0  | True |       192.168.54.180       | 255.255.224.0 | global | 02:d9:89:f9:87:c8 |
[    9.255934] cloud-init[3490]: ci-info: |  eth0  | True | fe80::d9:89ff:fef9:87c8/64 |       .       |  link  | 02:d9:89:f9:87:c8 |
[    9.259774] cloud-init[3490]: ci-info: |   lo   | True |         127.0.0.1          |   255.0.0.0   |  host  |         .         |
[    9.263719] cloud-init[3490]: ci-info: |   lo   | True |          ::1/128           |       .       |  host  |         .         |
[    9.267498] cloud-init[3490]: ci-info: +--------+------+----------------------------+---------------+--------+-------------------+
[    9.271254] cloud-init[3490]: ci-info: ++++++++++++++++++++++++++++++++Route IPv4 info+++++++++++++++++++++++++++++++++
[    9.274790] cloud-init[3490]: ci-info: +-------+-----------------+--------------+-----------------+-----------+-------+
[    9.278270] cloud-init[3490]: ci-info: | Route |   Destination   |   Gateway    |     Genmask     | Interface | Flags |
[    9.281787] cloud-init[3490]: ci-info: +-------+-----------------+--------------+-----------------+-----------+-------+
[    9.285167] cloud-init[3490]: ci-info: |   0   |     0.0.0.0     | 192.168.32.1 |     0.0.0.0     |    eth0   |   UG  |
[    9.288233] cloud-init[3490]: ci-info: |   1   | 169.254.169.254 |   0.0.0.0    | 255.255.255.255 |    eth0   |   UH  |
[    9.291306] cloud-init[3490]: ci-info: |   2   |   192.168.32.0  |   0.0.0.0    |  255.255.224.0  |    eth0   |   U   |
[    9.294397] cloud-init[3490]: ci-info: +-------+-----------------+--------------+-----------------+-----------+-------+
[    9.297463] cloud-init[3490]: ci-info: +++++++++++++++++++Route IPv6 info+++++++++++++++++++
[    9.299909] cloud-init[3490]: ci-info: +-------+-------------+---------+-----------+-------+
[    9.302402] cloud-init[3490]: ci-info: | Route | Destination | Gateway | Interface | Flags |
[    9.305031] cloud-init[3490]: ci-info: +-------+-------------+---------+-----------+-------+
[    9.307503] cloud-init[3490]: ci-info: |   9   |  fe80::/64  |    ::   |    eth0   |   U   |
[    9.309961] cloud-init[3490]: ci-info: |   11  |    local    |    ::   |    eth0   |   U   |
[    9.312446] cloud-init[3490]: ci-info: |   12  |   ff00::/8  |    ::   |    eth0   |   U   |
[    9.314918] cloud-init[3490]: ci-info: +-------+-------------+---------+-----------+-------+
         Starting Hostname Service...
[[32m  OK  [0m] Started Hostname Service.
[[32m  OK  [0m] Started Initial cloud-init job (metadata service crawler).
[[32m  OK  [0m] Reached target Network is Online.
         Starting System Logging Service...
         Starting Notify NFS peers of a restart...
         Starting Docker Application Container Engine...
         Starting Dynamically Generate Message Of The Day...
[[32m  OK  [0m] Reached target Cloud-config availability.
         Starting Apply the settings specified in cloud-config...
         Starting OpenSSH Server Key Generation...
         Starting Permit User Sessions...
[[32m  OK  [0m] Started System Logging Service.
[[32m  OK  [0m] Started Notify NFS peers of a restart.
[[32m  OK  [0m] Started Permit User Sessions.
[[32m  OK  [0m] Started Serial Getty on ttyS0.
         Starting Serial Getty on ttyS0...
[[32m  OK  [0m] Started Command Scheduler.
         Starting Command Scheduler...
[[32m  OK  [0m] Started Getty on tty1.
         Starting Getty on tty1...
[[32m  OK  [0m] Reached target Login Prompts.
[[32m  OK  [0m] Started OpenSSH Server Key Generation.
         Starting OpenSSH server daemon...
[[32m  OK  [0m] Started OpenSSH server daemon.
[   10.462594] bridge: filtering via arp/ip/ip6tables is no longer available by default. Update your scripts to load br_netfilter if you need this.
[   10.475527] Bridge firewalling registered
[   10.487192] nf_conntrack version 0.5.0 (65536 buckets, 262144 max)
[   10.557151] cloud-init[3800]: Cloud-init v. 18.2-72.amzn2.0.6 running 'modules:config' at Thu, 13 Jun 2019 11:39:00 +0000. Up 10.37 seconds.
[   10.726560] cloud-init[3800]: Loaded plugins: priorities, update-motd
[   10.744997] cloud-init[3800]: Existing lock /var/run/yum.pid: another copy is running as pid 4042.
[   10.748150] cloud-init[3800]: Another app is currently holding the yum lock; waiting for it to exit...
[   10.751173] cloud-init[3800]: The other application is: yum
[   10.753143] cloud-init[3800]: Memory :  31 M RSS (319 MB VSZ)
[   10.755410] cloud-init[3800]: Started: Thu Jun 13 11:39:00 2019 - 00:00 ago
[   10.757699] cloud-init[3800]: State  : Running, pid: 4042
[[32m  OK  [0m] Started Docker Application Container Engine.
         Starting Restore iptables...
[[32m  OK  [0m] Started Restore iptables.
[   12.749122] cloud-init[3800]: Another app is currently holding the yum lock; waiting for it to exit...
[   12.752436] cloud-init[3800]: The other application is: yum
[   12.754235] cloud-init[3800]: Memory :  90 M RSS (378 MB VSZ)
[   12.756164] cloud-init[3800]: Started: Thu Jun 13 11:39:01 2019 - 00:02 ago
[   12.758335] cloud-init[3800]: State  : Running, pid: 4042
[   14.752148] cloud-init[3800]: Another app is currently holding the yum lock; waiting for it to exit...
[   14.755259] cloud-init[3800]: The other application is: yum
[   14.757213] cloud-init[3800]: Memory : 100 M RSS (389 MB VSZ)
[   14.759164] cloud-init[3800]: Started: Thu Jun 13 11:39:01 2019 - 00:04 ago
[   14.761376] cloud-init[3800]: State  : Running, pid: 4042
[[32m  OK  [0m] Started Dynamically Generate Message Of The Day.
[[32m  OK  [0m] Reached target Multi-User System.
[[32m  OK  [0m] Reached target Graphical Interface.
         Starting Update UTMP about System Runlevel Changes...
[[32m  OK  [0m] Started Update UTMP about System Runlevel Changes.


Amazon Linux 2
Kernel 4.14.106-97.85.amzn2.x86_64 on an x86_64

ip-192-168-54-180 login: [   17.382581] cloud-init[3800]: --> 1:openssl-1.0.2k-16.amzn2.0.3.x86_64 from installed removed (updateinfo)
[   17.382873] cloud-init[3800]: --> man-db-2.6.3-9.amzn2.0.2.x86_64 from installed removed (updateinfo)
[   17.383228] cloud-init[3800]: --> libjpeg-turbo-1.2.90-5.amzn2.0.2.x86_64 from @amzn2-core removed (updateinfo)
[   17.390509] cloud-init[3800]: --> openssh-server-7.4p1-16.amzn2.0.6.x86_64 from amzn2-core removed (updateinfo)
[   17.390720] cloud-init[3800]: --> python-urllib3-1.24.1-1.amzn2.0.1.noarch from installed removed (updateinfo)
[   17.391083] cloud-init[3800]: --> python-urllib3-1.24.3-1.amzn2.0.1.noarch from amzn2-core removed (updateinfo)
[   17.391446] cloud-init[3800]: --> 1:openssl-1.0.2k-16.amzn2.1.1.x86_64 from amzn2-core removed (updateinfo)
[   17.391809] cloud-init[3800]: --> openssh-clients-7.4p1-16.amzn2.0.5.x86_64 from installed removed (updateinfo)
[   17.392557] cloud-init[3800]: --> 1:system-release-2-7.amzn2.x86_64 from installed removed (updateinfo)
[   17.392940] cloud-init[3800]: --> gnupg2-2.0.22-5.amzn2.0.2.x86_64 from installed removed (updateinfo)
[   17.393373] cloud-init[3800]: --> 32:bind-libs-lite-9.9.4-73.amzn2.1.1.x86_64 from installed removed (updateinfo)
[   17.393711] cloud-init[3800]: --> cloud-init-18.2-72.amzn2.0.6.noarch from installed removed (updateinfo)
[   17.394070] cloud-init[3800]: --> 1:openssl-libs-1.0.2k-16.amzn2.1.1.x86_64 from amzn2-core removed (updateinfo)
[   17.394442] cloud-init[3800]: --> openssh-7.4p1-16.amzn2.0.5.x86_64 from installed removed (updateinfo)
[   17.394842] cloud-init[3800]: --> man-db-2.6.3-9.amzn2.0.3.x86_64 from amzn2-core removed (updateinfo)
[   17.395210] cloud-init[3800]: --> 1:mariadb-libs-5.5.60-1.amzn2.x86_64 from installed removed (updateinfo)
[   17.395578] cloud-init[3800]: --> libjpeg-turbo-1.2.90-5.amzn2.0.3.x86_64 from amzn2-core removed (updateinfo)
[   17.395931] cloud-init[3800]: --> openssh-server-7.4p1-16.amzn2.0.5.x86_64 from installed removed (updateinfo)
[   17.396709] cloud-init[3800]: --> 32:bind-license-9.9.4-73.amzn2.1.2.noarch from amzn2-core removed (updateinfo)
[   17.397081] cloud-init[3800]: --> amazon-linux-extras-1.6.7-1.amzn2.noarch from installed removed (updateinfo)
[   17.397434] cloud-init[3800]: --> 1:openssl-libs-1.0.2k-16.amzn2.0.3.x86_64 from installed removed (updateinfo)
[   17.397799] cloud-init[3800]: --> cloud-init-18.2-72.amzn2.0.7.noarch from amzn2-core removed (updateinfo)
[   17.398166] cloud-init[3800]: --> openssh-clients-7.4p1-16.amzn2.0.6.x86_64 from amzn2-core removed (updateinfo)
[   17.398537] cloud-init[3800]: --> openssh-7.4p1-16.amzn2.0.6.x86_64 from amzn2-core removed (updateinfo)
[   17.398884] cloud-init[3800]: --> amazon-linux-extras-1.6.8-1.amzn2.noarch from amzn2-core removed (updateinfo)
[   17.399249] cloud-init[3800]: --> 1:mariadb-libs-5.5.62-1.amzn2.0.1.x86_64 from amzn2-core removed (updateinfo)
[   17.399613] cloud-init[3800]: --> gnupg2-2.0.22-5.amzn2.0.3.x86_64 from amzn2-core removed (updateinfo)
[   17.399982] cloud-init[3800]: --> 32:bind-libs-lite-9.9.4-73.amzn2.1.2.x86_64 from amzn2-core removed (updateinfo)
[   17.400726] cloud-init[3800]: --> 1:system-release-2-10.amzn2.x86_64 from amzn2-core removed (updateinfo)
[   17.401079] cloud-init[3800]: --> 32:bind-license-9.9.4-73.amzn2.1.1.noarch from installed removed (updateinfo)
[   17.401469] cloud-init[3800]: 2 package(s) needed (+0 related) for security, out of 17 available
[   17.401886] cloud-init[3800]: Resolving Dependencies
[   17.402294] cloud-init[3800]: --> Running transaction check
[   17.402705] cloud-init[3800]: ---> Package filesystem.x86_64 0:3.2-25.amzn2.0.1 will be updated
[   17.475757] cloud-init[3800]: ---> Package filesystem.x86_64 0:3.2-25.amzn2.0.4 will be an update
[   17.481595] cloud-init[3800]: ---> Package libssh2.x86_64 0:1.4.3-10.amzn2.1.2 will be updated
[   17.486488] cloud-init[3800]: ---> Package libssh2.x86_64 0:1.4.3-12.amzn2.2 will be an update
[   17.954903] cloud-init[3800]: --> Finished Dependency Resolution
[   17.975297] cloud-init[3800]: Dependencies Resolved
[   17.976311] cloud-init[3800]: ================================================================================
[   17.976687] cloud-init[3800]: Package          Arch         Version                   Repository        Size
[   17.977032] cloud-init[3800]: ================================================================================
[   17.977408] cloud-init[3800]: Updating:
[   17.977794] cloud-init[3800]: filesystem       x86_64       3.2-25.amzn2.0.4          amzn2-core       1.0 M
[   17.978169] cloud-init[3800]: libssh2          x86_64       1.4.3-12.amzn2.2          amzn2-core       135 k
[   17.978531] cloud-init[3800]: Transaction Summary
[   17.978912] cloud-init[3800]: ================================================================================
[   17.979292] cloud-init[3800]: Upgrade  2 Packages
[   17.979656] cloud-init[3800]: Total download size: 1.2 M
[   17.980061] cloud-init[3800]: Downloading packages:
[   18.067289] cloud-init[3800]: Delta RPMs disabled because /usr/bin/applydeltarpm not installed.
[   18.166631] cloud-init[3800]: --------------------------------------------------------------------------------
[   18.166908] cloud-init[3800]: Total                                               12 MB/s | 1.2 MB  00:00
[   18.196157] cloud-init[3800]: Running transaction check
[   18.255929] cloud-init[3800]: Running transaction test
[   18.354322] cloud-init[3800]: Transaction test succeeded
[   18.354618] cloud-init[3800]: Running transaction
[   18.974336] cloud-init[3800]: Updating   : filesystem-3.2-25.amzn2.0.4.x86_64                           1/4
[   19.114851] cloud-init[3800]: Updating   : libssh2-1.4.3-12.amzn2.2.x86_64                              2/4
[   19.217713] cloud-init[3800]: Cleanup    : filesystem-3.2-25.amzn2.0.1.x86_64                           3/4
[   19.260322] cloud-init[3800]: Cleanup    : libssh2-1.4.3-10.amzn2.1.2.x86_64                            4/4
[   19.267805] cloud-init[3800]: Verifying  : libssh2-1.4.3-12.amzn2.2.x86_64                              1/4
[   19.276553] cloud-init[3800]: Verifying  : filesystem-3.2-25.amzn2.0.4.x86_64                           2/4
[   19.277693] cloud-init[3800]: Verifying  : filesystem-3.2-25.amzn2.0.1.x86_64                           3/4
[   19.318002] cloud-init[3800]: Verifying  : libssh2-1.4.3-10.amzn2.1.2.x86_64                            4/4
[   19.318365] cloud-init[3800]: Updated:
[   19.318908] cloud-init[3800]: filesystem.x86_64 0:3.2-25.amzn2.0.4     libssh2.x86_64 0:1.4.3-12.amzn2.2
[   19.319408] cloud-init[3800]: Complete!
[   19.863548] cloud-init[4288]: Cloud-init v. 18.2-72.amzn2.0.6 running 'modules:final' at Thu, 13 Jun 2019 11:39:10 +0000. Up 19.69 seconds.
[   19.973413] cloud-init[4288]: Created symlink from /etc/systemd/system/multi-user.target.wants/kubelet.service to /etc/systemd/system/kubelet.service.
         Starting Kubernetes Kubelet...
[[32m  OK  [0m] Started Kubernetes Kubelet.
ci-info: no authorized ssh keys fingerprints found for user ec2-user.
[   20.232860] cloud-init[4288]: ci-info: no authorized ssh keys fingerprints found for user ec2-user.
<14>Jun 13 11:39:11 ec2: 
<14>Jun 13 11:39:11 ec2: #############################################################
<14>Jun 13 11:39:11 ec2: -----BEGIN SSH HOST KEY FINGERPRINTS-----
<14>Jun 13 11:39:11 ec2: 256 SHA256:HeiUwUA7ANe31vNsNFvBu2dpyWO0Sj5uuyG5ZfsiyQQ no comment (ECDSA)
<14>Jun 13 11:39:11 ec2: 256 SHA256:BIqzGrXYQnmdAkPsoPctnwmbDsyUpnYw9TK8Oyv9s18 no comment (ED25519)
<14>Jun 13 11:39:11 ec2: 2048 SHA256:qkVGWle3VlvPKIM78RwdULKPGsJ7pQUvn20bwEIo7ss no comment (RSA)
<14>Jun 13 11:39:11 ec2: -----END SSH HOST KEY FINGERPRINTS-----
<14>Jun 13 11:39:11 ec2: #############################################################
-----BEGIN SSH HOST KEY KEYS-----
ecdsa-sha2-nistp256 AAAAE2VjZHNhLXNoYTItbmlzdHAyNTYAAAAIbmlzdHAyNTYAAABBBJD5D/zStVjf0p/oq4iDC3YJmGl+ED/V37/4WwGY+WLuj/ozR8cFrexwqPYZM8ALaU1UtyHLLSPEzPxqAZLSNBo= 
ssh-ed25519 AAAAC3NzaC1lZDI1NTE5AAAAIKVwgNVs3J1xHhUEPHv6221UQF4ydRkE1Tnd8jprOaw6 
ssh-rsa AAAAB3NzaC1yc2EAAAADAQABAAABAQDBwBMlSw+tl5t6P417Sj0JuqW2+Gggqak/or25ZR5tPkwnvaI0GzikgIBnWoEc7t22wU87WvYdYakhY64FIlic34KmrzFIB7glGtI9t5MTX/7pSeribqvl6SAppLsXheVJSVbne+EqlO5gMDN+rlZ4wCt/sF/hFU+s3ykxOrKDgze3IPoa2mxN2x5jBTopo+FhobsXyDu4rnmax6ABbAeMyEjcj7INVANw/hqdoZCnc5soJMekXhHN+68D74e4/ag3qjccNYseis5FiwOlmB9e0J8hCTbNOP0fSMklR7h7W45F8FeiZNUf38mIlvfRuAWP39ruSFNyCBEuVcqzytiL 
-----END SSH HOST KEY KEYS-----
[   20.264870] cloud-init[4288]: Cloud-init v. 18.2-72.amzn2.0.6 finished at Thu, 13 Jun 2019 11:39:11 +0000. Datasource DataSourceEc2.  Up 20.25 seconds
[[32m  OK  [0m] Started Execute cloud user/final scripts.
[[32m  OK  [0m] Reached target Cloud-init target.
[[32m  OK  [0m] Started Dynamically Generate Message Of The Day.
[   37.897086] IPVS: Registered protocols (TCP, UDP, SCTP, AH, ESP)
[   37.900142] IPVS: Connection hash table configured (size=4096, memory=64Kbytes)
[   38.334398] IPVS: ipvs loaded.
[   38.338908] IPVS: [rr] scheduler registered.
[   38.343786] IPVS: [wrr] scheduler registered.
[   38.348671] IPVS: [sh] scheduler registered.
[   38.444707] Netfilter messages via NETLINK v0.30.
[   38.451947] ip_set: protocol 6
[   57.289188] ctnetlink v0.93: registering with nfnetlink.
[   58.808697] pci 0000:00:06.0: BAR 2: assigned [mem 0xc0000000-0xc00fffff pref]
[   58.812329] pci 0000:00:06.0: BAR 4: assigned [mem 0xc0100000-0xc010ffff]
[   58.815796] pci 0000:00:06.0: BAR 0: assigned [mem 0xc0110000-0xc0113fff]
[   58.819235] ena 0000:00:06.0: enabling device (0000 -> 0002)
[   58.837975] ena: ena device version: 0.10
[   58.840040] ena: ena controller version: 0.0.1 implementation version 1
[   59.002008] ena 0000:00:06.0: creating 8 io queues. rx queue size: 1024 tx queue size. 1024 LLQ is ENABLED
[   59.009516] ena 0000:00:06.0: Elastic Network Adapter (ENA) found at mem c0110000, mac addr 02:4e:62:71:f8:ca Queues 8, Placement policy: Low Latency
[  330.061823] IPv6: ADDRCONF(NETDEV_UP): enif0d5d26f243: link is not ready
[  330.066905] IPv6: ADDRCONF(NETDEV_CHANGE): enif0d5d26f243: link becomes ready
[  331.057836] ip6_tables: (C) 2000-2006 Netfilter Core Team